// Jest Snapshot v1, https://goo.gl/fbAQLP

exports[`<List /> renders correctly 1`] = `ReactWrapper {}`;

exports[`<ListItem /> renders correctly 1`] = `ReactWrapper {}`;
